{
  "node": "dc/g/Root",
  "info": {
    "absoluteName": "Data Commons Variables",
    "childStatVarGroups": [
      {
        "id": "dc/g/Agriculture",
        "specializedEntity": "Agriculture",
        "displayName": "Agriculture",
        "descendentStatVarCount": 167
      },
      {
        "id": "dc/g/Demographics",
        "specializedEntity": "Demographics",
        "displayName": "Demographics",
        "descendentStatVarCount": 33601
      },
      {
        "id": "dc/g/Economy",
        "specializedEntity": "Economy",
        "displayName": "Economy",
        "descendentStatVarCount": 65575
      },
      {
        "id": "dc/g/Education",
        "specializedEntity": "Education",
        "displayName": "Education",
        "descendentStatVarCount": 41561
      },
      {
        "id": "dc/g/Energy",
        "specializedEntity": "Energy",
        "displayName": "Energy",
        "descendentStatVarCount": 9754
      },
      {
        "id": "dc/g/Environment",
        "specializedEntity": "Environment",
        "displayName": "Environment",
        "descendentStatVarCount": 2664
      },
      {
        "id": "dc/g/Health",
        "specializedEntity": "Health",
        "displayName": "Health",
        "descendentStatVarCount": 15729
      },
      {
        "id": "dc/g/Housing",
        "specializedEntity": "Housing",
        "displayName": "Housing",
        "descendentStatVarCount": 534
      },
      {
        "id": "dc/g/Crime",
        "specializedEntity": "Crime",
        "displayName": "Crime",
        "descendentStatVarCount": 8617
      },
      {
        "id": "dc/g/Uncategorized",
        "specializedEntity": "Uncategorized",
        "displayName": "Uncategorized",
        "descendentStatVarCount": 12504
      },
      {
        "id": "dc/g/SDG",
        "specializedEntity": "Sustainable Development Goals",
        "displayName": "Sustainable Development Goals",
        "descendentStatVarCount": 3634
      },
      {
        "id": "g/Feeding_America",
        "specializedEntity": "Feeding America",
        "descendentStatVarCount": 9
      }
    ],
    "descendentStatVarCount": 154858
  }
}