{
  "node": "dc/g/Weather",
  "info": {
    "absoluteName": "Weather",
    "childStatVarGroups": [
      {
        "id": "dc/g/ObservationalWeather",
        "specializedEntity": "Observational",
        "displayName": "Observational",
        "descendentStatVarCount": 52
      },
      {
        "id": "dc/g/ProjectedWeather",
        "specializedEntity": "Projected",
        "displayName": "Projected",
        "descendentStatVarCount": 728
      }
    ],
    "descendentStatVarCount": 780,
    "parentStatVarGroups": [
      "dc/g/Environment"
    ]
  }
}