{
  "entities": [
    {
      "node": "Mountain View",
      "resolvedIds": [
        "geoId/0649670",
        "geoId/1553300",
        "geoId/3744770"
      ]
    },
    {
      "node": "New York City",
      "resolvedIds": [
        "geoId/3651000"
      ]
    }
  ]
}