{
  "by_variable": {
    "(Count_Person_Female - Count_Person_Male) / Count_Person": {
      "by_entity": {
        "geoId/06": {
          "ordered_facets": [
            {
              "observations": [
                {
                  "date": "2010",
                  "value": 0.006000000000000057
                },
                {
                  "date": "2011",
                  "value": 0.006000000000000081
                },
                {
                  "date": "2012",
                  "value": 0.005999999999999995
                },
                {
                  "date": "2013",
                  "value": 0.006000000000000077
                },
                {
                  "date": "2014",
                  "value": 0.006000000000000086
                },
                {
                  "date": "2015",
                  "value": 0.006000000000000048
                },
                {
                  "date": "2016",
                  "value": 0.006000000000000037
                },
                {
                  "date": "2017",
                  "value": 0.006000000000000058
                },
                {
                  "date": "2018",
                  "value": 0.006000000000000061
                },
                {
                  "date": "2019",
                  "value": 0.00600000000000002
                }
              ]
            }
          ]
        }
      }
    }
  }
}