{
  "values": [
    {
      "name": "NEX - Downscaled Climate Projections for US from IPCC CMIP5",
      "types": [
        "Dataset"
      ],
      "dcid": "dc/d/UsNationalAeronauticsAndSpaceAdministrationNasa_Nex-DownscaledClimateProjectionsForUsFromIpccCmip5",
      "provenanceId": "dc/base/GeneratedGraphs"
    },
    {
      "name": "NEX - Global Downscaled Climate Projections from IPCC CMIP5",
      "types": [
        "Dataset"
      ],
      "dcid": "dc/d/UsNationalAeronauticsAndSpaceAdministrationNasa_Nex-GlobalDownscaledClimateProjectionsFromIpccCmip5",
      "provenanceId": "dc/base/GeneratedGraphs"
    },
    {
      "name": "NEX - Global Downscaled Climate Projections from IPCC CMIP6",
      "types": [
        "Dataset"
      ],
      "dcid": "dc/d/UsNationalAeronauticsAndSpaceAdministrationNasa_Nex-GlobalDownscaledClimateProjectionsFromIpccCmip6",
      "provenanceId": "dc/base/GeneratedGraphs"
    },
    {
      "name": "PO.DAAC - Sea level Projections from IPCC CMIP6",
      "types": [
        "Dataset"
      ],
      "dcid": "dc/d/UsNationalAeronauticsAndSpaceAdministrationNasa_Podaac-SeaLevelProjectionsFromIpccCmip6",
      "provenanceId": "dc/base/GeneratedGraphs"
    },
    {
      "name": "VIIRS Active Fire Data",
      "types": [
        "Dataset"
      ],
      "dcid": "dc/d/UsNationalAeronauticsAndSpaceAdministrationNasa_ViirsActiveFireData",
      "provenanceId": "dc/base/GeneratedGraphs"
    }
  ]
}