{
  "data": {
    "Count_Person": {
      "out": [
        {
          "provenanceId": "dc/base/HumanReadableStatVars",
          "value": "Total Population"
        }
      ]
    },
    "State": {
      "out": [
        {
          "provenanceId": "dc/base/BaseSchema",
          "value": "State"
        }
      ]
    },
    "dc/p/cmtdk79lnk2pd": {},
    "geoId/05": {
      "out": [
        {
          "provenanceId": "dc/base/WikidataOtherIdGeos",
          "value": "Arkansas"
        }
      ]
    }
  }
}