{
  "data": {
    "geoId/06085": {
      "properties": [
        "affectedPlace",
        "containedInPlace",
        "geoOverlaps",
        "location",
        "member"
      ]
    }
  }
}