{
  "by_variable": {
    "Median_Age_Person": {
      "by_entity": {
        "country/USA": {
          "ordered_facets": [
            {
              "facet_id": "3357919774",
              "observations": [
                {
                  "date": "2011",
                  "value": 37
                },
                {
                  "date": "2012",
                  "value": 37.2
                },
                {
                  "date": "2013",
                  "value": 37.3
                },
                {
                  "date": "2014",
                  "value": 37.4
                },
                {
                  "date": "2015",
                  "value": 37.6
                },
                {
                  "date": "2016",
                  "value": 37.7
                },
                {
                  "date": "2017",
                  "value": 37.8
                },
                {
                  "date": "2018",
                  "value": 37.9
                },
                {
                  "date": "2019",
                  "value": 38.1
                }
              ]
            },
            {
              "facet_id": "2763329611",
              "observations": [
                {
                  "date": "2010",
                  "value": 36.9
                },
                {
                  "date": "2011",
                  "value": 37
                },
                {
                  "date": "2012",
                  "value": 37.2
                },
                {
                  "date": "2013",
                  "value": 37.3
                },
                {
                  "date": "2014",
                  "value": 37.4
                },
                {
                  "date": "2015",
                  "value": 37.6
                },
                {
                  "date": "2016",
                  "value": 37.7
                },
                {
                  "date": "2017",
                  "value": 37.8
                },
                {
                  "date": "2018",
                  "value": 37.9
                },
                {
                  "date": "2019",
                  "value": 38.1
                }
              ]
            },
            {
              "facet_id": "3690003977",
              "observations": [
                {
                  "date": "2017",
                  "value": 37.8
                },
                {
                  "date": "2018",
                  "value": 37.9
                },
                {
                  "date": "2019",
                  "value": 38.1
                }
              ]
            },
            {
              "facet_id": "4219092424",
              "observations": [
                {
                  "date": "2017",
                  "value": 37.8
                },
                {
                  "date": "2018",
                  "value": 37.9
                },
                {
                  "date": "2019",
                  "value": 38.1
                }
              ]
            }
          ]
        }
      }
    }
  },
  "facets": {
    "2763329611": {
      "import_name": "CensusACS5YearSurvey_SubjectTables_S2601A",
      "provenance_url": "https://data.census.gov/cedsci/table?q=S2601A&tid=ACSST5Y2019.S2601A",
      "measurement_method": "CensusACS5yrSurveySubjectTable",
      "unit": "Years"
    },
    "3357919774": {
      "import_name": "CensusUSAMedianAgeIncome",
      "provenance_url": "https://www.census.gov/programs-surveys/acs/data/data-via-ftp.html",
      "measurement_method": "CensusACS5yrSurvey",
      "unit": "Year"
    },
    "3690003977": {
      "import_name": "CensusACS5YearSurvey_SubjectTables_S2602",
      "provenance_url": "https://data.census.gov/cedsci/table?q=S2602&tid=ACSST5Y2019.S2602",
      "measurement_method": "CensusACS5yrSurveySubjectTable",
      "unit": "Years"
    },
    "4219092424": {
      "import_name": "CensusACS5YearSurvey_SubjectTables_S2603",
      "provenance_url": "https://data.census.gov/cedsci/table?q=S2603&tid=ACSST5Y2019.S2603",
      "measurement_method": "CensusACS5yrSurveySubjectTable",
      "unit": "Years"
    }
  }
}