{
  "data": [
    {
      "node": "earth"
    },
    {
      "node": "geoId/06",
      "info": {
        "self": {
          "dcid": "geoId/06",
          "name": "California",
          "type": "State"
        },
        "parents": [
          {
            "dcid": "usc/PacificDivision",
            "name": "Pacific Division",
            "type": "CensusDivision"
          },
          {
            "dcid": "country/USA",
            "name": "United States",
            "type": "Country"
          },
          {
            "dcid": "usc/WestRegion",
            "name": "West Region",
            "type": "CensusRegion"
          },
          {
            "dcid": "northamerica",
            "name": "North America",
            "type": "Continent"
          },
          {
            "dcid": "Earth",
            "name": "Earth",
            "type": "Place"
          }
        ]
      }
    },
    {
      "node": "geoId/02158000100",
      "info": {
        "self": {
          "dcid": "geoId/02158000100",
          "type": "CensusTract"
        },
        "parents": [
          {
            "dcid": "geoId/02",
            "name": "Alaska",
            "type": "State"
          },
          {
            "dcid": "usc/PacificDivision",
            "name": "Pacific Division",
            "type": "CensusDivision"
          },
          {
            "dcid": "country/USA",
            "name": "United States",
            "type": "Country"
          },
          {
            "dcid": "usc/WestRegion",
            "name": "West Region",
            "type": "CensusRegion"
          },
          {
            "dcid": "northamerica",
            "name": "North America",
            "type": "Continent"
          },
          {
            "dcid": "Earth",
            "name": "Earth",
            "type": "Place"
          }
        ]
      }
    }
  ]
}