{
  "by_variable": {
    "Count_Person": {
      "by_entity": {
        "country/USA": {}
      }
    }
  }
}