{
  "by_variable": {
    "AirQualityIndex_AirPollutant": {
      "by_entity": {
        "country/FRA": {},
        "country/USA": {},
        "dummy": {},
        "geoId/06": {},
        "geoId/0649670": {}
      }
    },
    "Amount_EconomicActivity_GrossNationalIncome_PurchasingPowerParity_PerCapita": {
      "by_entity": {
        "country/FRA": {
          "ordered_facets": [
            {
              "facet_id": "2171028778",
              "observations": [
                {
                  "date": "2021",
                  "value": 51660
                }
              ]
            }
          ]
        },
        "country/USA": {
          "ordered_facets": [
            {
              "facet_id": "2171028778",
              "observations": [
                {
                  "date": "2021",
                  "value": 70480
                }
              ]
            }
          ]
        },
        "dummy": {},
        "geoId/06": {},
        "geoId/0649670": {}
      }
    },
    "Annual_Generation_Electricity": {
      "by_entity": {
        "country/FRA": {},
        "country/USA": {
          "ordered_facets": [
            {
              "facet_id": "1450533103",
              "observations": [
                {
                  "date": "2019",
                  "value": 4405511000000
                }
              ]
            },
            {
              "facet_id": "2392525955",
              "observations": [
                {
                  "date": "2020",
                  "value": 4009084999080
                }
              ]
            }
          ]
        },
        "dummy": {},
        "geoId/06": {
          "ordered_facets": [
            {
              "facet_id": "2392525955",
              "observations": [
                {
                  "date": "2020",
                  "value": 194110262920
                }
              ]
            }
          ]
        },
        "geoId/0649670": {}
      }
    },
    "Area_Farm": {
      "by_entity": {
        "country/FRA": {},
        "country/USA": {
          "ordered_facets": [
            {
              "facet_id": "2584936238",
              "observations": [
                {
                  "date": "2017",
                  "value": 900217576
                }
              ]
            }
          ]
        },
        "dummy": {},
        "geoId/06": {
          "ordered_facets": [
            {
              "facet_id": "2584936238",
              "observations": [
                {
                  "date": "2017",
                  "value": 24522801
                }
              ]
            }
          ]
        },
        "geoId/0649670": {}
      }
    },
    "Count_CriminalActivities_CombinedCrime": {
      "by_entity": {
        "country/FRA": {},
        "country/USA": {
          "ordered_facets": [
            {
              "facet_id": "2343540064",
              "observations": [
                {
                  "date": "2019",
                  "value": 8132863
                }
              ]
            }
          ]
        },
        "dummy": {},
        "geoId/06": {
          "ordered_facets": [
            {
              "facet_id": "4277990144",
              "observations": [
                {
                  "date": "2019",
                  "value": 1095445
                }
              ]
            }
          ]
        },
        "geoId/0649670": {
          "ordered_facets": [
            {
              "facet_id": "4277990144",
              "observations": [
                {
                  "date": "2019",
                  "value": 2634
                }
              ]
            }
          ]
        }
      }
    },
    "Count_Person": {
      "by_entity": {
        "country/FRA": {
          "ordered_facets": [
            {
              "facet_id": "858679853",
              "observations": [
                {
                  "date": "2019",
                  "value": 67012883
                }
              ]
            },
            {
              "facet_id": "3981252704",
              "observations": [
                {
                  "date": "2021",
                  "value": 67749632
                }
              ]
            },
            {
              "facet_id": "738965619",
              "observations": [
                {
                  "date": "2019",
                  "value": 66992699
                }
              ]
            },
            {
              "facet_id": "1151455814",
              "observations": [
                {
                  "date": "2019",
                  "value": 67012900
                }
              ]
            }
          ]
        },
        "country/USA": {
          "ordered_facets": [
            {
              "facet_id": "2176550201",
              "observations": [
                {
                  "date": "2021",
                  "value": 331893745
                }
              ]
            },
            {
              "facet_id": "1273233945",
              "observations": [
                {
                  "date": "2020",
                  "value": 329824950
                }
              ]
            },
            {
              "facet_id": "1541763368",
              "observations": [
                {
                  "date": "2020",
                  "value": 331449281
                }
              ]
            },
            {
              "facet_id": "3981252704",
              "observations": [
                {
                  "date": "2021",
                  "value": 331893745
                }
              ]
            },
            {
              "facet_id": "2517965213",
              "observations": [
                {
                  "date": "2019",
                  "value": 328239523
                }
              ]
            },
            {
              "facet_id": "1151455814",
              "observations": [
                {
                  "date": "2019",
                  "value": 328240000
                }
              ]
            },
            {
              "facet_id": "1226172227",
              "observations": [
                {
                  "date": "2019",
                  "value": 328239523
                }
              ]
            },
            {
              "facet_id": "10983471",
              "observations": [
                {
                  "date": "2019",
                  "value": 324697795
                }
              ]
            },
            {
              "facet_id": "196790193",
              "observations": [
                {
                  "date": "2019",
                  "value": 324697795
                }
              ]
            },
            {
              "facet_id": "217147238",
              "observations": [
                {
                  "date": "2019",
                  "value": 324697795
                }
              ]
            }
          ]
        },
        "dummy": {},
        "geoId/06": {
          "ordered_facets": [
            {
              "facet_id": "2176550201",
              "observations": [
                {
                  "date": "2021",
                  "value": 39237836
                }
              ]
            },
            {
              "facet_id": "1145703171",
              "observations": [
                {
                  "date": "2020",
                  "value": 39346023
                }
              ]
            },
            {
              "facet_id": "1541763368",
              "observations": [
                {
                  "date": "2020",
                  "value": 39538223
                }
              ]
            },
            {
              "facet_id": "2517965213",
              "observations": [
                {
                  "date": "2019",
                  "value": 39512223
                }
              ]
            },
            {
              "facet_id": "1151455814",
              "observations": [
                {
                  "date": "2019",
                  "value": 39512200
                }
              ]
            },
            {
              "facet_id": "1226172227",
              "observations": [
                {
                  "date": "2019",
                  "value": 39512223
                }
              ]
            },
            {
              "facet_id": "10983471",
              "observations": [
                {
                  "date": "2019",
                  "value": 39283497
                }
              ]
            },
            {
              "facet_id": "196790193",
              "observations": [
                {
                  "date": "2019",
                  "value": 39283497
                }
              ]
            }
          ]
        },
        "geoId/0649670": {
          "ordered_facets": [
            {
              "facet_id": "2176550201",
              "observations": [
                {
                  "date": "2021",
                  "value": 81516
                }
              ]
            },
            {
              "facet_id": "1145703171",
              "observations": [
                {
                  "date": "2020",
                  "value": 80104
                }
              ]
            },
            {
              "facet_id": "1541763368",
              "observations": [
                {
                  "date": "2020",
                  "value": 82376
                }
              ]
            },
            {
              "facet_id": "1226172227",
              "observations": [
                {
                  "date": "2019",
                  "value": 82726
                }
              ]
            },
            {
              "facet_id": "2517965213",
              "observations": [
                {
                  "date": "2018",
                  "value": 83377
                }
              ]
            }
          ]
        }
      }
    },
    "Count_Person_FoodInsecure": {
      "by_entity": {
        "country/FRA": {},
        "country/USA": {},
        "dummy": {},
        "geoId/06": {
          "ordered_facets": [
            {
              "facet_id": "180485622",
              "observations": [
                {
                  "date": "2019",
                  "value": 4011960
                }
              ]
            }
          ]
        },
        "geoId/0649670": {}
      }
    },
    "Count_Person_Unemployed": {
      "by_entity": {
        "country/FRA": {},
        "country/USA": {
          "ordered_facets": [
            {
              "facet_id": "3707913853",
              "observations": [
                {
                  "date": "2023-05",
                  "value": 6097000
                }
              ]
            },
            {
              "facet_id": "1714978719",
              "observations": [
                {
                  "date": "2023-03",
                  "value": 5823000
                }
              ]
            }
          ]
        },
        "dummy": {},
        "geoId/06": {
          "ordered_facets": [
            {
              "facet_id": "324358135",
              "observations": [
                {
                  "date": "2023-04",
                  "value": 826093
                }
              ]
            },
            {
              "facet_id": "2978659163",
              "observations": [
                {
                  "date": "2022",
                  "value": 811079
                }
              ]
            },
            {
              "facet_id": "1249140336",
              "observations": [
                {
                  "date": "2023-04",
                  "value": 867640
                }
              ]
            }
          ]
        },
        "geoId/0649670": {
          "ordered_facets": [
            {
              "facet_id": "324358135",
              "observations": [
                {
                  "date": "2023-04",
                  "value": 1185
                }
              ]
            },
            {
              "facet_id": "2978659163",
              "observations": [
                {
                  "date": "2022",
                  "value": 1005
                }
              ]
            }
          ]
        }
      }
    }
  },
  "facets": {
    "10983471": {
      "import_name": "CensusACS5YearSurvey_SubjectTables_S2601A",
      "provenance_url": "https://data.census.gov/cedsci/table?q=S2601A&tid=ACSST5Y2019.S2601A",
      "measurement_method": "CensusACS5yrSurveySubjectTable"
    },
    "1145703171": {
      "import_name": "CensusACS5YearSurvey",
      "provenance_url": "https://www.census.gov/programs-surveys/acs/data/data-via-ftp.html",
      "measurement_method": "CensusACS5yrSurvey"
    },
    "1151455814": {
      "import_name": "OECDRegionalDemography",
      "provenance_url": "https://stats.oecd.org/Index.aspx?DataSetCode=REGION_DEMOGR#",
      "measurement_method": "OECDRegionalStatistics",
      "observation_period": "P1Y"
    },
    "1226172227": {
      "import_name": "CensusACS1YearSurvey",
      "provenance_url": "https://www.census.gov/programs-surveys/acs/data/data-via-ftp.html",
      "measurement_method": "CensusACS1yrSurvey"
    },
    "1249140336": {
      "import_name": "BLS_LAUS",
      "provenance_url": "https://www.bls.gov/lau/",
      "measurement_method": "BLSSeasonallyAdjusted",
      "observation_period": "P1M"
    },
    "1273233945": {
      "import_name": "CensusACS5YearSurvey_AggCountry",
      "provenance_url": "https://www.census.gov/",
      "measurement_method": "CensusACS5yrSurvey"
    },
    "1450533103": {
      "import_name": "UNEnergy",
      "provenance_url": "https://unstats.un.org/unsd/energystats/data/",
      "observation_period": "P1Y",
      "unit": "KilowattHour"
    },
    "1541763368": {
      "import_name": "USDecennialCensus_RedistrictingRelease",
      "provenance_url": "https://www.census.gov/programs-surveys/decennial-census/about/rdo/summary-files.html",
      "measurement_method": "USDecennialCensus"
    },
    "1714978719": {
      "import_name": "BLS_CPS",
      "provenance_url": "https://www.bls.gov/cps/",
      "measurement_method": "BLSSeasonallyAdjusted",
      "observation_period": "P3M"
    },
    "180485622": {
      "import_name": "Feeding America",
      "provenance_url": "https://www.feedingamerica.org/",
      "measurement_method": "FeedingAmerica_Estimate"
    },
    "196790193": {
      "import_name": "CensusACS5YearSurvey_SubjectTables_S2602",
      "provenance_url": "https://data.census.gov/cedsci/table?q=S2602&tid=ACSST5Y2019.S2602",
      "measurement_method": "CensusACS5yrSurveySubjectTable"
    },
    "2171028778": {
      "import_name": "WorldDevelopmentIndicators",
      "provenance_url": "https://datacatalog.worldbank.org/dataset/world-development-indicators/",
      "observation_period": "P1Y",
      "unit": "InternationalDollar"
    },
    "217147238": {
      "import_name": "CensusACS5YearSurvey_SubjectTables_S2603",
      "provenance_url": "https://data.census.gov/cedsci/table?q=S2603&tid=ACSST5Y2019.S2603",
      "measurement_method": "CensusACS5yrSurveySubjectTable"
    },
    "2176550201": {
      "import_name": "USCensusPEP_Annual_Population",
      "provenance_url": "https://www2.census.gov/programs-surveys/popest/tables",
      "measurement_method": "CensusPEPSurvey",
      "observation_period": "P1Y"
    },
    "2343540064": {
      "import_name": "FBIGovCrime_AggCountry",
      "provenance_url": "http://www.fbi.gov/services/cjis/ucr",
      "observation_period": "P1Y"
    },
    "2392525955": {
      "import_name": "EIA_Electricity",
      "provenance_url": "https://www.eia.gov/opendata/qb.php?category=0",
      "unit": "KilowattHour"
    },
    "2517965213": {
      "import_name": "CensusPEP",
      "provenance_url": "https://www.census.gov/programs-surveys/popest.html",
      "measurement_method": "CensusPEPSurvey"
    },
    "2584936238": {
      "import_name": "USDA_AgricultureCensus",
      "provenance_url": "https://www.nass.usda.gov/AgCensus/",
      "observation_period": "P5Y",
      "unit": "Acre"
    },
    "2978659163": {
      "import_name": "BLS_LAUS",
      "provenance_url": "https://www.bls.gov/lau/",
      "measurement_method": "BLSSeasonallyUnadjusted",
      "observation_period": "P1Y"
    },
    "324358135": {
      "import_name": "BLS_LAUS",
      "provenance_url": "https://www.bls.gov/lau/",
      "measurement_method": "BLSSeasonallyUnadjusted",
      "observation_period": "P1M"
    },
    "3707913853": {
      "import_name": "BLS_CPS",
      "provenance_url": "https://www.bls.gov/cps/",
      "measurement_method": "BLSSeasonallyAdjusted",
      "observation_period": "P1M"
    },
    "3981252704": {
      "import_name": "WorldDevelopmentIndicators",
      "provenance_url": "https://datacatalog.worldbank.org/dataset/world-development-indicators/",
      "observation_period": "P1Y"
    },
    "4277990144": {
      "import_name": "FBIGovCrime",
      "provenance_url": "http://www.fbi.gov/services/cjis/ucr",
      "observation_period": "P1Y"
    },
    "738965619": {
      "import_name": "FranceINSEE",
      "provenance_url": "https://www.insee.fr/en/metadonnees/source/indicateur/p1667/description",
      "measurement_method": "FranceINSEE"
    },
    "858679853": {
      "import_name": "EurostatData",
      "provenance_url": "https://ec.europa.eu/eurostat/data/database",
      "measurement_method": "EurostatRegionalPopulationData"
    }
  }
}