{
  "queryItems": {
    "California economy and Florida": {
      "items": [
        {
          "span": "California",
          "places": [
            {
              "dcid": "geoId/06"
            },
            {
              "dcid": "geoId/2412150"
            },
            {
              "dcid": "geoId/4210768"
            }
          ]
        },
        {
          "span": "economy and"
        },
        {
          "span": "Florida",
          "places": [
            {
              "dcid": "geoId/12"
            },
            {
              "dcid": "wikidataId/Q1093490"
            },
            {
              "dcid": "wikidataId/Q842472"
            }
          ]
        }
      ]
    },
    "crime in new york state": {
      "items": [
        {
          "span": "crime in"
        },
        {
          "span": "new york",
          "places": [
            {
              "dcid": "geoId/36"
            },
            {
              "dcid": "geoId/3651000"
            }
          ]
        },
        {
          "span": "state"
        }
      ]
    },
    "economy of Asia": {
      "items": [
        {
          "span": "economy of"
        },
        {
          "span": "Asia",
          "places": [
            {
              "dcid": "asia"
            }
          ]
        }
      ]
    },
    "life expectancy in Australia and Canada": {
      "items": [
        {
          "span": "life expectancy in"
        },
        {
          "span": "Australia",
          "places": [
            {
              "dcid": "country/AUS"
            }
          ]
        },
        {
          "span": "and"
        },
        {
          "span": "Canada",
          "places": [
            {
              "dcid": "country/CAN"
            }
          ]
        }
      ]
    },
    "life expectancy in New York city and Alabama": {
      "items": [
        {
          "span": "life expectancy in"
        },
        {
          "span": "New York",
          "places": [
            {
              "dcid": "geoId/36"
            },
            {
              "dcid": "geoId/3651000"
            }
          ]
        },
        {
          "span": "city and"
        },
        {
          "span": "Alabama",
          "places": [
            {
              "dcid": "geoId/01"
            },
            {
              "dcid": "wikidataId/Q3709658"
            }
          ]
        }
      ]
    },
    "median income in africa": {
      "items": [
        {
          "span": "median income in"
        },
        {
          "span": "africa",
          "places": [
            {
              "dcid": "africa"
            }
          ]
        }
      ]
    },
    "tell me about chicago": {
      "items": [
        {
          "span": "tell me about"
        },
        {
          "span": "chicago",
          "places": [
            {
              "dcid": "geoId/1714000"
            }
          ]
        }
      ]
    },
    "tell me about palo alto": {
      "items": [
        {
          "span": "tell me about"
        },
        {
          "span": "palo alto",
          "places": [
            {
              "dcid": "geoId/0655282"
            },
            {
              "dcid": "geoId/1961230"
            },
            {
              "dcid": "geoId/4257752"
            }
          ]
        }
      ]
    },
    "the birds in San Jose California are chirpy": {
      "items": [
        {
          "span": "the birds in"
        },
        {
          "span": "San Jose California",
          "places": [
            {
              "dcid": "geoId/06"
            },
            {
              "dcid": "geoId/0668000"
            },
            {
              "dcid": "wikidataId/Q55599"
            }
          ]
        },
        {
          "span": "are chirpy"
        }
      ]
    },
    "the birds in San Jose are chirpy": {
      "items": [
        {
          "span": "the birds in"
        },
        {
          "span": "San Jose",
          "places": [
            {
              "dcid": "geoId/0668000"
            },
            {
              "dcid": "wikidataId/Q55599"
            },
            {
              "dcid": "geoId/3568430"
            }
          ]
        },
        {
          "span": "are chirpy"
        }
      ]
    },
    "the birds in San Jose, California are chirpy": {
      "items": [
        {
          "span": "the birds in"
        },
        {
          "span": "San Jose , California",
          "places": [
            {
              "dcid": "geoId/06"
            },
            {
              "dcid": "geoId/0668000"
            },
            {
              "dcid": "wikidataId/Q55599"
            }
          ]
        },
        {
          "span": "are chirpy"
        }
      ]
    },
    "the birds in San Jose, Mountain View and Sunnyvale are chirpy": {
      "items": [
        {
          "span": "the birds in"
        },
        {
          "span": "San Jose",
          "places": [
            {
              "dcid": "geoId/0668000"
            },
            {
              "dcid": "wikidataId/Q55599"
            },
            {
              "dcid": "geoId/3568430"
            }
          ]
        },
        {
          "span": ","
        },
        {
          "span": "Mountain View",
          "places": [
            {
              "dcid": "geoId/0649670"
            },
            {
              "dcid": "geoId/3744770"
            },
            {
              "dcid": "geoId/1553300"
            }
          ]
        },
        {
          "span": "and"
        },
        {
          "span": "Sunnyvale",
          "places": [
            {
              "dcid": "geoId/0677000"
            },
            {
              "dcid": "geoId/4871156"
            }
          ]
        },
        {
          "span": "are chirpy"
        }
      ]
    },
    "what about mountain view": {
      "items": [
        {
          "span": "what about"
        },
        {
          "span": "mountain view",
          "places": [
            {
              "dcid": "geoId/0649670"
            },
            {
              "dcid": "geoId/3744770"
            },
            {
              "dcid": "geoId/1553300"
            }
          ]
        }
      ]
    }
  }
}